// Vitest Snapshot v1, https://vitest.dev/guide/snapshot.html

exports[`test HotelCardsContainer > should mount component properly 1`] = `
"<div class="q-infinite-scroll">
  <div class="column items-center q-pa-xl">
    <p class="text-h6 text-grey-6"> Nenhum hotel encontrado </p>
  </div>
  <div class="q-infinite-scroll__loading invisible">
    <div class="row justify-center q-my-md"><svg class="q-spinner text-primary" fill="currentColor" width="40px" height="40px" viewBox="0 0 120 30" xmlns="http://www.w3.org/2000/svg">
        <circle cx="15" cy="15" r="15">
          <animate attributeName="r" from="15" to="15" begin="0s" dur="0.8s" values="15;9;15" calcMode="linear" repeatCount="indefinite"></animate>
          <animate attributeName="fill-opacity" from="1" to="1" begin="0s" dur="0.8s" values="1;.5;1" calcMode="linear" repeatCount="indefinite"></animate>
        </circle>
        <circle cx="60" cy="15" r="9" fill-opacity=".3">
          <animate attributeName="r" from="9" to="9" begin="0s" dur="0.8s" values="9;15;9" calcMode="linear" repeatCount="indefinite"></animate>
          <animate attributeName="fill-opacity" from=".5" to=".5" begin="0s" dur="0.8s" values=".5;1;.5" calcMode="linear" repeatCount="indefinite"></animate>
        </circle>
        <circle cx="105" cy="15" r="15">
          <animate attributeName="r" from="15" to="15" begin="0s" dur="0.8s" values="15;9;15" calcMode="linear" repeatCount="indefinite"></animate>
          <animate attributeName="fill-opacity" from="1" to="1" begin="0s" dur="0.8s" values="1;.5;1" calcMode="linear" repeatCount="indefinite"></animate>
        </circle>
      </svg></div>
  </div>
</div>
<!--v-if-->"
`;
