// Vitest Snapshot v1, https://vitest.dev/guide/snapshot.html

exports[`HotelSort > should render component properly 1`] = `
"<div class="row items-center">
  <p class="q-mb-none text-grey-7"> Organizar por </p><label class="q-field row no-wrap items-start q-field--borderless q-select q-field--auto-height q-select--without-input q-select--without-chips q-select--single q-field--float q-field--dense" for="static-for">
    <!---->
    <div class="q-field__inner relative-position col self-stretch">
      <div class="q-field__control relative-position row no-wrap" tabindex="-1">
        <div class="q-field__control-container col relative-position row no-wrap q-anchor--skip">
          <div class="q-field__native row items-center"><span class="q-mb-none q-ml-xs text-blue text-weight-medium text-italic">Recomendados</span><input class="q-select__focus-target" id="static-id" readonly="" tabindex="0" role="combobox" aria-readonly="false" aria-autocomplete="none" aria-expanded="false" aria-controls="static-aria-controls" value="Recomendados"></div>
          <!---->
        </div>
        <div class="q-field__append q-field__marginal row no-wrap items-center q-anchor--skip"><i class="q-icon notranslate material-icons q-select__dropdown-icon" aria-hidden="true">arrow_drop_down</i></div>
        <!---->
      </div>
      <!---->
    </div>
    <!---->
  </label>
</div>"
`;
