// Vitest Snapshot v1, https://vitest.dev/guide/snapshot.html

exports[`test AppBreadcrumb > should mount component properly 1`] = `
"<div>
  <div class="q-breadcrumbs" style="font-size: 16px;">
    <div class="flex items-center justify-start q-gutter-sm">
      <div class="flex items-center text-primary"><span class="q-breadcrumbs__el q-link flex inline items-center relative-position q-link--focusable">Inicio</span></div>
      <div class="q-breadcrumbs__separator"><i class="q-icon text-primary notranslate material-icons" style="font-size: 16px;" aria-hidden="true">chevron_right</i></div>
      <div class="flex items-center q-breadcrumbs--last"><span class="q-breadcrumbs__el q-link flex inline items-center relative-position q-link--focusable">Hot√©is</span></div>
    </div>
  </div>
</div>"
`;
